AdroitHandRelocateDense-v1, AdroitHandHammerDense-v1, AdroitHandDoorDense-v1 environment's reward functions were updated in v1.2.1 without an environment version update. Therefore, use gymnasium-robotics==1.2.0 for v1 reproducibility or use v2 in gymnasium-robotics>=1.4.3. See https://github.com/Farama-Foundation/Gymnasium-Robotics/pull/220 for more details
{'rule': 'argmax', 'K': 64, 'distill_lr': 0.0003, 'seed': 0} J_sys=0.45 J_gen=0.36 opt0=+0.07 curve=[0.42, 0.49, 0.36, 0.27, 0.28, 0.4, 0.45] (656s)
{'rule': 'argmax', 'K': 64, 'distill_lr': 3e-05, 'seed': 0} J_sys=0.25 J_gen=0.24 opt0=+0.26 curve=[0.42, 0.49, 0.41, 0.35, 0.32, 0.36, 0.25] (658s)
{'rule': 'argmax', 'K': 64, 'distill_lr': 3e-05, 'seed': 2} J_sys=0.40 J_gen=0.35 opt0=+0.13 curve=[0.46, 0.62, 0.38, 0.55, 0.55, 0.4, 0.4] (658s)
{'rule': 'argmax', 'K': 64, 'distill_lr': 3e-05, 'seed': 1} J_sys=0.71 J_gen=0.47 opt0=-0.10 curve=[0.41, 0.63, 0.26, 0.33, 0.55, 0.68, 0.71] (660s)
{'rule': 'argmax', 'K': 16, 'distill_lr': 3e-05, 'seed': 1} J_sys=0.75 J_gen=0.59 opt0=-0.21 curve=[0.42, 0.69, 0.59, 0.45, 0.31, 0.66, 0.75] (543s)
{'rule': 'argmax', 'K': 16, 'distill_lr': 3e-05, 'seed': 0} J_sys=0.57 J_gen=0.40 opt0=+0.03 curve=[0.37, 0.7, 0.71, 0.48, 0.51, 0.46, 0.57] (547s)
{'rule': 'argmax', 'K': 64, 'distill_lr': 0.0003, 'seed': 2} J_sys=0.47 J_gen=0.39 opt0=+0.07 curve=[0.46, 0.57, 0.34, 0.52, 0.45, 0.43, 0.47] (681s)
{'rule': 'argmax', 'K': 64, 'distill_lr': 0.0003, 'seed': 1} J_sys=0.83 J_gen=0.64 opt0=-0.15 curve=[0.41, 0.61, 0.43, 0.47, 0.53, 0.69, 0.83] (685s)
{'rule': 'argmax', 'K': 16, 'distill_lr': 3e-05, 'seed': 2} J_sys=0.62 J_gen=0.56 opt0=-0.00 curve=[0.41, 0.7, 0.61, 0.51, 0.51, 0.51, 0.62] (535s)
{'rule': 'argmax', 'K': 16, 'distill_lr': 0.0003, 'seed': 0} J_sys=0.54 J_gen=0.33 opt0=+0.06 curve=[0.37, 0.72, 0.62, 0.44, 0.41, 0.47, 0.54] (538s)
{'rule': 'argmax', 'K': 16, 'distill_lr': 0.0003, 'seed': 1} J_sys=0.65 J_gen=0.62 opt0=-0.09 curve=[0.42, 0.71, 0.54, 0.44, 0.42, 0.65, 0.65] (530s)
{'rule': 'argmax', 'K': 16, 'distill_lr': 0.0003, 'seed': 2} J_sys=0.69 J_gen=0.67 opt0=-0.01 curve=[0.41, 0.69, 0.66, 0.48, 0.54, 0.69, 0.69] (542s)
{'rule': 'argmax', 'K': 4, 'distill_lr': 3e-05, 'seed': 1} J_sys=0.69 J_gen=0.61 opt0=+0.07 curve=[0.34, 0.81, 0.78, 0.79, 0.66, 0.58, 0.69] (495s)
{'rule': 'argmax', 'K': 4, 'distill_lr': 3e-05, 'seed': 0} J_sys=0.82 J_gen=0.80 opt0=+0.07 curve=[0.43, 0.83, 0.89, 0.89, 0.83, 0.82, 0.82] (501s)
{'rule': 'argmax', 'K': 4, 'distill_lr': 3e-05, 'seed': 2} J_sys=0.79 J_gen=0.81 opt0=+0.08 curve=[0.46, 0.83, 0.85, 0.85, 0.86, 0.79, 0.79] (504s)
{'rule': 'argmax', 'K': 4, 'distill_lr': 0.0003, 'seed': 0} J_sys=0.73 J_gen=0.64 opt0=+0.09 curve=[0.43, 0.83, 0.85, 0.76, 0.71, 0.79, 0.73] (494s)
{'rule': 'argmax', 'K': 4, 'distill_lr': 0.0003, 'seed': 1} J_sys=0.58 J_gen=0.52 opt0=+0.11 curve=[0.34, 0.78, 0.73, 0.67, 0.57, 0.49, 0.58] (492s)
{'rule': 'argmax', 'K': 4, 'distill_lr': 0.0003, 'seed': 2} J_sys=0.77 J_gen=0.78 opt0=+0.01 curve=[0.46, 0.81, 0.83, 0.82, 0.83, 0.79, 0.77] (504s)
{'rule': 'argmax', 'K': 1, 'distill_lr': 3e-05, 'seed': 0} J_sys=0.57 J_gen=0.60 opt0=-0.03 curve=[0.4, 0.42, 0.58, 0.62, 0.62, 0.59, 0.57] (480s)
{'rule': 'argmax', 'K': 1, 'distill_lr': 3e-05, 'seed': 1} J_sys=0.64 J_gen=0.62 opt0=-0.01 curve=[0.41, 0.45, 0.49, 0.68, 0.64, 0.62, 0.64] (481s)
{'rule': 'argmax', 'K': 1, 'distill_lr': 3e-05, 'seed': 2} J_sys=0.74 J_gen=0.70 opt0=-0.11 curve=[0.43, 0.56, 0.64, 0.69, 0.69, 0.71, 0.74] (492s)
{'rule': 'argmax', 'K': 1, 'distill_lr': 0.0003, 'seed': 0} J_sys=0.46 J_gen=0.55 opt0=+0.05 curve=[0.4, 0.45, 0.51, 0.61, 0.58, 0.47, 0.46] (492s)
{'rule': 'argmax', 'K': 1, 'distill_lr': 0.0003, 'seed': 1} J_sys=0.30 J_gen=0.33 opt0=+0.17 curve=[0.41, 0.41, 0.4, 0.52, 0.41, 0.4, 0.3] (485s)
{'rule': 'argmax', 'K': 1, 'distill_lr': 0.0003, 'seed': 2} J_sys=0.60 J_gen=0.60 opt0=-0.06 curve=[0.43, 0.51, 0.62, 0.65, 0.68, 0.61, 0.6] (483s)
AdroitHandRelocateDense-v1, AdroitHandHammerDense-v1, AdroitHandDoorDense-v1 environment's reward functions were updated in v1.2.1 without an environment version update. Therefore, use gymnasium-robotics==1.2.0 for v1 reproducibility or use v2 in gymnasium-robotics>=1.4.3. See https://github.com/Farama-Foundation/Gymnasium-Robotics/pull/220 for more details
{'rule': 'argmax', 'K': 3, 'distill_lr': 3e-05, 'seed': 2} J_sys=0.88 J_gen=0.91 opt0=+0.03 curve=[0.46, 0.8, 0.88, 0.9, 0.91, 0.86, 0.88] (708s)
{'rule': 'argmax', 'K': 3, 'distill_lr': 3e-05, 'seed': 0} J_sys=0.81 J_gen=0.74 opt0=+0.04 curve=[0.4, 0.79, 0.88, 0.85, 0.87, 0.81, 0.81] (713s)
{'rule': 'argmax', 'K': 3, 'distill_lr': 3e-05, 'seed': 1} J_sys=0.87 J_gen=0.81 opt0=+0.01 curve=[0.41, 0.79, 0.9, 0.89, 0.85, 0.86, 0.87] (718s)
{'rule': 'argmax', 'K': 2, 'distill_lr': 3e-05, 'seed': 1} J_sys=0.86 J_gen=0.84 opt0=-0.00 curve=[0.39, 0.7, 0.86, 0.91, 0.93, 0.91, 0.86] (616s)
{'rule': 'argmax', 'K': 2, 'distill_lr': 3e-05, 'seed': 0} J_sys=0.90 J_gen=0.88 opt0=-0.01 curve=[0.38, 0.71, 0.9, 0.87, 0.9, 0.92, 0.9] (626s)
{'rule': 'argmax', 'K': 2, 'distill_lr': 3e-05, 'seed': 2} J_sys=0.93 J_gen=0.92 opt0=+0.01 curve=[0.47, 0.82, 0.93, 0.94, 0.92, 0.93, 0.93] (624s)
