AdroitHandRelocateDense-v1, AdroitHandHammerDense-v1, AdroitHandDoorDense-v1 environment's reward functions were updated in v1.2.1 without an environment version update. Therefore, use gymnasium-robotics==1.2.0 for v1 reproducibility or use v2 in gymnasium-robotics>=1.4.3. See https://github.com/Farama-Foundation/Gymnasium-Robotics/pull/220 for more details
{'rule': 'chi2', 'K': 64, 'beta': 0.05, 'demo_noise': 0.9, 'seed': 0} J_sys=0.56 J_gen=0.57 opt0=+0.14 curve=[0.23, 0.46, 0.74, 0.62, 0.63, 0.6, 0.56] (779s)
{'rule': 'argmax', 'K': 64, 'demo_noise': 0.9, 'seed': 0} J_sys=0.15 J_gen=0.12 opt0=+0.16 curve=[0.23, 0.26, 0.17, 0.34, 0.24, 0.12, 0.15] (784s)
{'rule': 'argmax', 'K': 64, 'demo_noise': 0.9, 'seed': 1} J_sys=0.16 J_gen=0.12 opt0=+0.06 curve=[0.1, 0.3, 0.26, 0.2, 0.14, 0.1, 0.16] (786s)
{'rule': 'argmax', 'K': 64, 'demo_noise': 0.9, 'seed': 2} J_sys=0.43 J_gen=0.28 opt0=-0.09 curve=[0.23, 0.41, 0.2, 0.23, 0.28, 0.3, 0.43] (796s)
{'rule': 'chi2', 'K': 64, 'beta': 0.05, 'demo_noise': 0.9, 'seed': 1} J_sys=0.69 J_gen=0.65 opt0=+0.03 curve=[0.1, 0.37, 0.62, 0.73, 0.7, 0.69, 0.69] (781s)
{'rule': 'chi2tr', 'K': 64, 'delta': 0.5, 'demo_noise': 0.9, 'seed': 0} J_sys=0.59 J_gen=0.56 opt0=+0.20 curve=[0.23, 0.47, 0.69, 0.78, 0.69, 0.6, 0.59] (784s)
{'rule': 'chi2', 'K': 64, 'beta': 0.05, 'demo_noise': 0.9, 'seed': 2} J_sys=0.69 J_gen=0.62 opt0=+0.04 curve=[0.23, 0.48, 0.7, 0.73, 0.73, 0.74, 0.69] (792s)
{'rule': 'chi2tr', 'K': 64, 'delta': 0.5, 'demo_noise': 0.9, 'seed': 1} J_sys=0.81 J_gen=0.68 opt0=-0.04 curve=[0.1, 0.45, 0.59, 0.76, 0.74, 0.69, 0.81] (794s)
{'rule': 'softmax', 'K': 64, 'temp': 0.3, 'demo_noise': 0.9, 'seed': 0} J_sys=0.61 J_gen=0.59 opt0=+0.11 curve=[0.23, 0.37, 0.55, 0.65, 0.65, 0.67, 0.61] (770s)
{'rule': 'softmax', 'K': 64, 'temp': 0.3, 'demo_noise': 0.9, 'seed': 1} J_sys=0.62 J_gen=0.52 opt0=-0.01 curve=[0.1, 0.2, 0.42, 0.57, 0.57, 0.57, 0.62] (765s)
{'rule': 'chi2tr', 'K': 64, 'delta': 0.5, 'demo_noise': 0.9, 'seed': 2} J_sys=0.72 J_gen=0.64 opt0=-0.03 curve=[0.23, 0.54, 0.53, 0.69, 0.7, 0.73, 0.72] (785s)
{'rule': 'softmax', 'K': 64, 'temp': 0.3, 'demo_noise': 0.9, 'seed': 2} J_sys=0.59 J_gen=0.53 opt0=-0.05 curve=[0.23, 0.38, 0.46, 0.47, 0.56, 0.59, 0.59] (774s)
{'rule': 'argmax', 'K': 4, 'demo_noise': 0.9, 'seed': 0} J_sys=0.64 J_gen=0.65 opt0=+0.12 curve=[0.17, 0.69, 0.77, 0.81, 0.74, 0.72, 0.64] (601s)
{'rule': 'argmax', 'K': 16, 'demo_noise': 0.9, 'seed': 0} J_sys=0.34 J_gen=0.28 opt0=+0.10 curve=[0.18, 0.44, 0.49, 0.47, 0.38, 0.28, 0.34] (635s)
{'rule': 'argmax', 'K': 16, 'demo_noise': 0.9, 'seed': 1} J_sys=0.57 J_gen=0.47 opt0=-0.04 curve=[0.1, 0.5, 0.54, 0.54, 0.46, 0.53, 0.57] (638s)
{'rule': 'argmax', 'K': 16, 'demo_noise': 0.9, 'seed': 2} J_sys=0.44 J_gen=0.33 opt0=+0.12 curve=[0.22, 0.58, 0.43, 0.47, 0.47, 0.42, 0.44] (640s)
{'rule': 'argmax', 'K': 4, 'demo_noise': 0.9, 'seed': 1} J_sys=0.72 J_gen=0.62 opt0=+0.07 curve=[0.09, 0.52, 0.68, 0.73, 0.74, 0.62, 0.72] (580s)
{'rule': 'argmax', 'K': 2, 'demo_noise': 0.9, 'seed': 1} J_sys=0.77 J_gen=0.69 opt0=-0.02 curve=[0.1, 0.41, 0.7, 0.78, 0.79, 0.81, 0.77] (568s)
{'rule': 'argmax', 'K': 2, 'demo_noise': 0.9, 'seed': 0} J_sys=0.69 J_gen=0.59 opt0=+0.06 curve=[0.2, 0.47, 0.75, 0.81, 0.72, 0.75, 0.69] (580s)
{'rule': 'argmax', 'K': 4, 'demo_noise': 0.9, 'seed': 2} J_sys=0.69 J_gen=0.60 opt0=+0.10 curve=[0.17, 0.58, 0.72, 0.73, 0.71, 0.7, 0.69] (587s)
{'rule': 'argmax', 'K': 1, 'demo_noise': 0.9, 'seed': 0} J_sys=0.29 J_gen=0.27 opt0=-0.01 curve=[0.18, 0.19, 0.23, 0.3, 0.28, 0.26, 0.29] (547s)
{'rule': 'argmax', 'K': 2, 'demo_noise': 0.9, 'seed': 2} J_sys=0.81 J_gen=0.68 opt0=-0.06 curve=[0.21, 0.46, 0.68, 0.76, 0.79, 0.78, 0.81] (560s)
{'rule': 'argmax', 'K': 1, 'demo_noise': 0.9, 'seed': 1} J_sys=0.25 J_gen=0.26 opt0=-0.02 curve=[0.1, 0.12, 0.2, 0.26, 0.21, 0.24, 0.25] (549s)
{'rule': 'argmax', 'K': 1, 'demo_noise': 0.9, 'seed': 2} J_sys=0.25 J_gen=0.27 opt0=-0.03 curve=[0.2, 0.23, 0.23, 0.24, 0.28, 0.29, 0.25] (547s)
